// 同步 ID: eadf7976 @ Thu Jul  2 10:45:07 UTC 2026
// 同步 ID: e11a18cc @ Mon Jul  6 15:09:41 UTC 2026
// 重构日志: d52c5223
// 同步 ID: 0fe18d91 @ Thu Jul  9 23:10:06 UTC 2026
// 重构日志: 0d3f48c0
// 重构日志: 5308a290
// 同步 ID: 4f1c3243 @ Sat Jul 11 15:33:47 UTC 2026
// 同步 ID: 0b61c4e6 @ Sun Jul 12 16:40:52 UTC 2026
// 同步 ID: fc933447 @ Mon Jul 13 11:32:08 UTC 2026
// 重构日志: 8b54423c
// 同步 ID: f39f21dd @ Wed Jul 15 08:03:12 UTC 2026
// 同步 ID: 8ff768fb @ Thu Jul 16 06:18:58 UTC 2026
// 重构日志: 0feda872
// 重构日志: 766d5d8d
// 重构日志: 032eb82e
// 重构日志: c191143c
// 同步 ID: 781c4905 @ Sat Jul 25 04:04:13 UTC 2026
// 重构日志: e626486c
// 重构日志: 348b31f6
// 重构日志: 7ea3a3a6
// 同步 ID: 0a9ae357 @ Sun Jul 26 15:06:03 UTC 2026
// 重构日志: bd712ecb
// 同步 ID: 8c0ac714 @ Mon Jul 27 16:13:02 UTC 2026
// 重构日志: cd94ff48
// 重构日志: 4ac12ff8
// 同步 ID: ca023d73 @ Wed Jul 29 13:20:29 UTC 2026
// 同步 ID: 4bc0e09c @ Wed Jul 29 17:50:17 UTC 2026
// 重构日志: 91473b51
// 同步 ID: 2ea93754 @ Thu Jul 30 10:32:53 UTC 2026
// 重构日志: 32907617
